// Jest Snapshot v1, https://goo.gl/fbAQLP

exports[`NameTag component renders NameTag 1`] = `
<Fragment>
  <TextSelector
    handleSubmit={[Function]}
    handleTextChange={[Function]}
    text=""
  />
  <ColorSelector
    backgroundColor=""
    color=""
    handleBackgroundChange={[Function]}
    handleColorChange={[Function]}
  />
  <Shape
    backgroundColor=""
    color=""
    text=""
  />
</Fragment>
`;
